C51 COMPILER V9.52.0.0   MAIN                                                              01/07/2018 15:49:20 PAGE 1   


C51 COMPILER V9.52.0.0, COMPILATION OF MODULE MAIN
OBJECT MODULE PLACED IN main.obj
COMPILER INVOKED BY: C:\Keil\C51\BIN\C51.EXE source\main.c ROM(COMPACT) BROWSE INCDIR(.\source) DEBUG OBJECTEXTEND PRINT
                    -(.\main.lst) TABS(2) OBJECT(main.obj)

line level    source

   1          #include "main.h"
   2          
   3          void main (void)
   4          {
   5   1          // init
   6   1      #ifdef JOY_SYS_COMPAT
   7   1          LCD_BKL = 0;
   8   1          DelayMs (200);
   9   1          DelayMs (200);
  10   1          DelayMs (200);
  11   1          DelayMs (200);
  12   1          DelayMs (200);
  13   1          LCD_BKL = ~LCD_BKL;
  14   1          DelayMs (200);
  15   1          DelayMs (200);
  16   1          DelayMs (200);
  17   1          DelayMs (200);
  18   1          DelayMs (200);
  19   1          LCD_BKL = ~LCD_BKL;
  20   1      #endif
  21   1          DelayMs (200);
  22   1      
  23   1          sys_init ();
  24   1      #ifdef PRINT_DEBUG
  25   1          LcdDispChar (10, 0, 'i');
  26   1      #endif
  27   1      
  28   1          // main
  29   1          while (1)
  30   1          {
  31   2              switch (fsm)
  32   2              {
  33   3                  case FSM_TUS0:
  34   3                      fsm_tus0_proc();
  35   3                      break;
  36   3                  case FSM_TUS1:
  37   3                      fsm_tus1_proc();
  38   3                      break;
  39   3                  case FSM_WAIT:
  40   3                      fsm_wait_proc();
  41   3                      break;
  42   3                  default:
  43   3                      fsm_erro_proc();
  44   3                      break;
  45   3              }
  46   2          }
  47   1      }
  48          


MODULE INFORMATION:   STATIC OVERLAYABLE
   CODE SIZE        =    105    ----
   CONSTANT SIZE    =   ----    ----
   XDATA SIZE       =   ----    ----
C51 COMPILER V9.52.0.0   MAIN                                                              01/07/2018 15:49:20 PAGE 2   

   PDATA SIZE       =   ----    ----
   DATA SIZE        =   ----    ----
   IDATA SIZE       =   ----    ----
   BIT SIZE         =   ----    ----
END OF MODULE INFORMATION.


C51 COMPILATION COMPLETE.  0 WARNING(S),  0 ERROR(S)
