C51 COMPILER V9.52.0.0   MAIN                                                              01/30/2018 23:21:55 PAGE 1   


C51 COMPILER V9.52.0.0, COMPILATION OF MODULE MAIN
OBJECT MODULE PLACED IN main.obj
COMPILER INVOKED BY: C:\Keil\C51\BIN\C51.EXE source\main.c ROM(COMPACT) BROWSE INCDIR(.\source) DEBUG OBJECTEXTEND PRINT
                    -(.\main.lst) TABS(2) OBJECT(main.obj)

line level    source

   1          #include "main.h"
   2          
   3          void main (void)
   4          {
   5   1          // init
   6   1          DelayMs (200);
   7   1          sys_init ();
   8   1          LCD_BKL = BKL_ON;
   9   1      
  10   1          // main
  11   1          while (1)
  12   1          {
  13   2              switch (fsm)
  14   2              {
  15   3                  case FSM_US01:
  16   3                      fsm_us01_proc();
  17   3                      break;
  18   3                  case FSM_TICK:
  19   3                      fsm_tick_proc();
  20   3                      break;
  21   3                  default:
  22   3                      fsm_erro_proc();
  23   3                      break;
  24   3              }
  25   2          }
  26   1      }
  27          


MODULE INFORMATION:   STATIC OVERLAYABLE
   CODE SIZE        =     33    ----
   CONSTANT SIZE    =   ----    ----
   XDATA SIZE       =   ----    ----
   PDATA SIZE       =   ----    ----
   DATA SIZE        =   ----    ----
   IDATA SIZE       =   ----    ----
   BIT SIZE         =   ----    ----
END OF MODULE INFORMATION.


C51 COMPILATION COMPLETE.  0 WARNING(S),  0 ERROR(S)
