C51 COMPILER V9.52.0.0   MAIN                                                              01/06/2018 19:21:12 PAGE 1   


C51 COMPILER V9.52.0.0, COMPILATION OF MODULE MAIN
OBJECT MODULE PLACED IN main.obj
COMPILER INVOKED BY: C:\Keil\C51\BIN\C51.EXE source\main.c ROM(COMPACT) BROWSE INCDIR(.\source) DEBUG OBJECTEXTEND PRINT
                    -(.\main.lst) TABS(2) OBJECT(main.obj)

line level    source

   1          #include "main.h"
   2          
   3          void main (void)
   4          {
   5   1          // init
   6   1          LCD_BKL = 0;
   7   1          DelayMs (200);
   8   1          DelayMs (200);
   9   1          DelayMs (200);
  10   1          DelayMs (200);
  11   1          DelayMs (200);
  12   1          LCD_BKL = ~LCD_BKL;
  13   1          DelayMs (200);
  14   1          DelayMs (200);
  15   1          DelayMs (200);
  16   1          DelayMs (200);
  17   1          DelayMs (200);
  18   1          LCD_BKL = ~LCD_BKL;
  19   1      
  20   1          sys_init ();
  21   1      #ifdef PRINT_DEBUG
  22   1          LcdDispChar (0, 10, 'i');
  23   1      #endif
  24   1      
  25   1          // main
  26   1          while (1)
  27   1          {
  28   2              switch (fsm)
  29   2              {
  30   3                  case FSM_TUS0:
  31   3                      fsm_tus0_proc();
  32   3                      break;
  33   3                  case FSM_TUS1:
  34   3                      fsm_tus1_proc();
  35   3                      break;
  36   3                  case FSM_WAIT:
  37   3                      fsm_wait_proc();
  38   3                      break;
  39   3                  default:
  40   3                      fsm_erro_proc();
  41   3                      break;
  42   3              }
  43   2          }
  44   1      }
  45          


MODULE INFORMATION:   STATIC OVERLAYABLE
   CODE SIZE        =    100    ----
   CONSTANT SIZE    =   ----    ----
   XDATA SIZE       =   ----    ----
   PDATA SIZE       =   ----    ----
   DATA SIZE        =   ----    ----
   IDATA SIZE       =   ----    ----
C51 COMPILER V9.52.0.0   MAIN                                                              01/06/2018 19:21:12 PAGE 2   

   BIT SIZE         =   ----    ----
END OF MODULE INFORMATION.


C51 COMPILATION COMPLETE.  0 WARNING(S),  0 ERROR(S)
