C51 COMPILER V9.52.0.0   MCU                                                               01/11/2018 18:54:03 PAGE 1   


C51 COMPILER V9.52.0.0, COMPILATION OF MODULE MCU
OBJECT MODULE PLACED IN mcu.obj
COMPILER INVOKED BY: C:\Keil\C51\BIN\C51.EXE source\mcu.c ROM(COMPACT) BROWSE INCDIR(.\source) DEBUG OBJECTEXTEND PRINT(
                    -.\mcu.lst) TABS(2) OBJECT(mcu.obj)

line level    source

   1          //*********************************************************
   2          //  File Name   : mcu.c
   3          //  Created On  : 201801041429
   4          //  Author      : Ming
   5          //  Description : STC15F204EA related function
   6          //*********************************************************
   7          #include  "mcu.h"
   8          
   9          //---------------------------------------------------------------------------
  10          // INIT MCU
  11          //---------------------------------------------------------------------------
  12          void mcu_init (void)
  13          {
  14   1          // STC15F204EA Configure
  15   1          //************************************
  16   1          //* T0x12, T1x12
  17   1          //************************************
  18   1          AUXR        = 0x00;
  19   1      
  20   1      #ifdef JOY_SYS_COMPAT
  21   1          /*
  22   1          AUXR1       = 0x00;
  23   1          AUXR2       = 0x00;
  24   1          IAP_CONTR   = 0x00;
  25   1          WKTCL       = 0xFF;
  26   1          WKTCH       = 0xEF;*/
  27   1      #endif
  28   1      
  29   1          //************************************
  30   1          //* MCLKO_S1, MCLKO_S0, ADRJ, Tx_Rx, MCLKO_2
  31   1          //* CLK_S2, CLK_S1, CLK_S0
  32   1          //*     CLK do not output;
  33   1          //*     Uart work mode: normal
  34   1          //*     Main_CLK: div1
  35   1          //************************************
  36   1          CLK_DIV     = 0x00;
  37   1          //************************************
  38   1          //* WDT_FLAG, EN_WDT, CLR_WDT, IDLE_WDT
  39   1          //* PS2, PS1, PS0
  40   1          //*     WDT: disable
  41   1          //************************************
  42   1          WDT_CONTR   = 0x00;
  43   1          //************************************
  44   1          //* SMOD, SMOD0, LVDF, POF, GF1, GF0
  45   1          //* PD, DIL
  46   1          //************************************
  47   1          PCON        = 0x00;
  48   1          //************************************
  49   1          //* P1, P2, P3, I/O mode
  50   1          //*     dual-dir
  51   1          //************************************
  52   1          P0M1        = 0x00;
  53   1          P0M0        = 0x00;
  54   1          P1M1        = 0x00;
C51 COMPILER V9.52.0.0   MCU                                                               01/11/2018 18:54:03 PAGE 2   

  55   1          P1M0        = 0x00;
  56   1          P2M1        = 0x00;
  57   1          P2M0        = 0x00;
  58   1          P3M1        = 0x00;
  59   1          P3M0        = 0x00;
  60   1          //************************************
  61   1          // interrupt
  62   1          IE = 0x00;
  63   1          TCON = 0x00;
  64   1          mcu_set_exint (INT_IDX_0, INT_MOD_STOP);
  65   1          mcu_set_exint (INT_IDX_1, INT_MOD_STOP);
  66   1          mcu_set_tmr   (TMR_IDX_0, TMR_MOD_STOP);
  67   1          mcu_set_tmr   (TMR_IDX_1, TMR_MOD_STOP);
  68   1      }
  69          
  70          //---------------------------------------------------------------------------
  71          // SET Interrupt INT0 and INT1
  72          // Description: initial ext_int, set flag, disable interrupt enable
  73          //---------------------------------------------------------------------------
  74          void mcu_set_exint (unsigned char idx, unsigned char mode)
  75          {
  76   1          // disable interrupt
  77   1          bit ea_bak;
  78   1          ea_bak = EA;
  79   1          EA = 0;
  80   1          if (idx == INT_IDX_0)
  81   1          {
  82   2              EX0 = 0;        // disable int0
  83   2              IE0 = 0;        // clear int0 flag
  84   2              if (mode == INT_MOD_START)
  85   2              {
  86   3                  IT0 = 1;        // int0 falling edge trigger int
  87   3                  EX0 = 1;        // to get interrupt flag, must enable!!!
  88   3              }
  89   2              else if (mode == INT_MOD_STOP)
  90   2              {
  91   3                  IT0 = 0;
  92   3              }
  93   2          }
  94   1          else if (idx == INT_IDX_1)
  95   1          {
  96   2              EX1 = 0;        // disable int1
  97   2              IE1 = 0;        // clear int1 flag
  98   2              if (mode == INT_MOD_START)
  99   2              {
 100   3                  IT1 = 1;        // int1 falling edge trigger int
 101   3                  IE1 = 1;        // clear int1 flag
 102   3              }
 103   2              else if (mode == INT_MOD_STOP)
 104   2              {
 105   3                  IT1 = 0;
 106   3              }
 107   2          }
 108   1          EA = ea_bak;
 109   1      }
 110          
 111          //---------------------------------------------------------------------------
 112          // SET T0 and T1
 113          // Description: inital timer, set config, start timer!
 114          //---------------------------------------------------------------------------
 115          void mcu_set_tmr (unsigned char idx, unsigned char mode)
 116          {
C51 COMPILER V9.52.0.0   MCU                                                               01/11/2018 18:54:03 PAGE 3   

 117   1          // init reg
 118   1          bit ea_bak;
 119   1          ea_bak = EA;
 120   1          EA = 0;     // disable all interrupt
 121   1          // T0
 122   1          if (idx == TMR_IDX_0)
 123   1          {
 124   2              TR0 = 0;    // stop T0
 125   2              ET0 = 0;    // disable T0 overflow interrupt
 126   2              TF0 = 0;    // clear T0 overflow interrupt flag
 127   2              // conf timer
 128   2              if (mode == TMR_MOD_CAP)
 129   2              {
 130   3                  TMOD = (TMOD & 0xF0) + 0x08;    // GATE=1, C/T=0, M1=0, M0=0
 131   3                  TL0 = 0;    // reset TL0
 132   3                  TH0 = 0;    // reset TH0
 133   3                  TR0 = 1;    // start T0
 134   3              }
 135   2              else if (mode == TMR_MOD_50MS)
 136   2              {
 137   3                  TMOD = (TMOD & 0xF0) + 0x00;    // GATE=0, C/T=0, M1=0, M0=0
 138   3                  TL0 = TL_INIT_50MS;     // load TL0
 139   3                  TH0 = TH_INIT_50MS;     // load TH0
 140   3                  ET0 = 1;                // enable T0 overflow interrupt
 141   3                  TR0 = 1;                // start T0
 142   3              }
 143   2              else if (mode == TMR_MOD_10MS)
 144   2              {
 145   3                  TMOD = (TMOD & 0xF0) + 0x00;    // GATE=0, C/T=0, M1=0, M0=0
 146   3                  TL0 = TL_INIT_10MS;     // load TL0
 147   3                  TH0 = TH_INIT_10MS;     // load TH0
 148   3                  ET0 = 1;                // enable T0 overflow interrupt
 149   3                  TR0 = 1;                // start T0
 150   3              }
 151   2              else if (mode == TMR_MOD_STOP)
 152   2              {
 153   3              }
 154   2              // set reg
 155   2              EA = ea_bak;    // enable all interrupt
 156   2          }
 157   1          // T1
 158   1          else if (idx == TMR_IDX_1)
 159   1          {
 160   2              TR1 = 0;    // stop T1
 161   2              ET1 = 0;    // disable T1 overflow interrupt
 162   2              TF1 = 0;    // clear T1 overflow interrupt flag
 163   2              // conf timer
 164   2              if (mode == TMR_MOD_CAP)
 165   2              {
 166   3                  TMOD = (TMOD & 0x0F) + 0x80;    // GATE=1, C/T=0, M1=0, M0=0
 167   3                  TL1 = 0;    // reset TL1
 168   3                  TH1 = 0;    // reset TH1
 169   3                  TR1 = 1;    // start T1
 170   3              }
 171   2              else if (mode == TMR_MOD_50MS)
 172   2              {
 173   3                  TMOD = (TMOD & 0x0F) + 0x00;    // GATE=0, C/T=0, M1=0, M0=0
 174   3                  TL1 = TL_INIT_50MS;     // load TL1
 175   3                  TH1 = TH_INIT_50MS;     // load TH1
 176   3                  ET1 = 1;                // enable T1 overflow interrupt
 177   3                  TR1 = 1;                // start T1
 178   3              }
C51 COMPILER V9.52.0.0   MCU                                                               01/11/2018 18:54:03 PAGE 4   

 179   2              else if (mode == TMR_MOD_10MS)
 180   2              {
 181   3                  TMOD = (TMOD & 0x0F) + 0x00;    // GATE=0, C/T=0, M1=0, M0=0
 182   3                  TL1 = TL_INIT_10MS;     // load TL1
 183   3                  TH1 = TH_INIT_10MS;     // load TH1
 184   3                  ET1 = 1;                // enable T1 overflow interrupt
 185   3                  TR1 = 1;                // start T1
 186   3              }
 187   2              else if (mode == TMR_MOD_STOP)
 188   2              {
 189   3              }
 190   2              // set reg
 191   2              EA = ea_bak;    // enable all interrupt
 192   2          }
 193   1      }
 194          


MODULE INFORMATION:   STATIC OVERLAYABLE
   CODE SIZE        =    254    ----
   CONSTANT SIZE    =   ----    ----
   XDATA SIZE       =   ----    ----
   PDATA SIZE       =   ----    ----
   DATA SIZE        =   ----    ----
   IDATA SIZE       =   ----    ----
   BIT SIZE         =   ----       2
END OF MODULE INFORMATION.


C51 COMPILATION COMPLETE.  0 WARNING(S),  0 ERROR(S)
