C51 COMPILER V9.52.0.0   MCU                                                               01/06/2018 21:36:08 PAGE 1   


C51 COMPILER V9.52.0.0, COMPILATION OF MODULE MCU
OBJECT MODULE PLACED IN mcu.obj
COMPILER INVOKED BY: C:\Keil\C51\BIN\C51.EXE source\mcu.c ROM(COMPACT) BROWSE INCDIR(.\source) DEBUG OBJECTEXTEND PRINT(
                    -.\mcu.lst) TABS(2) OBJECT(mcu.obj)

line level    source

   1          //*********************************************************
   2          //  File Name   : mcu.c
   3          //  Created On  : 201801041429
   4          //  Author      : Ming
   5          //  Description : STC15F204EA related function
   6          //*********************************************************
   7          #include  "mcu.h"
   8          
   9          //---------------------------------------------------------------------------
  10          // INIT MCU
  11          //---------------------------------------------------------------------------
  12          void mcu_init (void)
  13          {
  14   1          // STC15F204EA Configure
  15   1          //************************************
  16   1          //* T0x12, T1x12
  17   1          //************************************
  18   1          AUXR        = 0x00;
  19   1      
  20   1      #ifdef JOY_SYS_COMPAT
  21   1          AUXR1       = 0x00;
  22   1          AUXR2       = 0x00;
  23   1          IAP_CONTR   = 0x00;
  24   1          WKTCL       = 0xFF;
  25   1          WKTCH       = 0xEF;
  26   1      #endif
  27   1      
  28   1          //************************************
  29   1          //* MCLKO_S1, MCLKO_S0, ADRJ, Tx_Rx, MCLKO_2
  30   1          //* CLK_S2, CLK_S1, CLK_S0
  31   1          //*     CLK do not output;
  32   1          //*     Uart work mode: normal
  33   1          //*     Main_CLK: div1
  34   1          //************************************
  35   1          CLK_DIV     = 0x00;
  36   1          //************************************
  37   1          //* WDT_FLAG, EN_WDT, CLR_WDT, IDLE_WDT
  38   1          //* PS2, PS1, PS0
  39   1          //*     WDT: disable
  40   1          //************************************
  41   1          WDT_CONTR   = 0x00;
  42   1          //************************************
  43   1          //* SMOD, SMOD0, LVDF, POF, GF1, GF0
  44   1          //* PD, DIL
  45   1          //************************************
  46   1          PCON        = 0x00;
  47   1          //************************************
  48   1          //* P1, P2, P3, I/O mode
  49   1          //*     dual-dir
  50   1          //************************************
  51   1          P0M1        = 0x00;
  52   1          P0M0        = 0x00;
  53   1          P1M1        = 0x00;
  54   1          P1M0        = 0x00;
C51 COMPILER V9.52.0.0   MCU                                                               01/06/2018 21:36:08 PAGE 2   

  55   1          P2M1        = 0x00;
  56   1          P2M0        = 0x00;
  57   1          P3M1        = 0x00;
  58   1          P3M0        = 0x00;
  59   1          //************************************
  60   1          // interrupt
  61   1          IE = 0x00;
  62   1          TCON = 0x00;
  63   1          mcu_set_exint (INT_IDX_0, INT_MOD_STOP);
  64   1          mcu_set_exint (INT_IDX_1, INT_MOD_STOP);
  65   1          mcu_set_tmr   (TMR_IDX_0, TMR_MOD_STOP);
  66   1          mcu_set_tmr   (TMR_IDX_1, TMR_MOD_STOP);
  67   1      }
  68          
  69          //---------------------------------------------------------------------------
  70          // SET Interrupt INT0 and INT1
  71          //---------------------------------------------------------------------------
  72          void mcu_set_exint (unsigned char idx, unsigned char mode)
  73          {
  74   1          // disable interrupt
  75   1          bit ea_bak;
  76   1          ea_bak = EA;
  77   1          EA = 0;
  78   1          if (idx == INT_IDX_0)
  79   1          {
  80   2              EX0 = 0;        // disable int0
  81   2              IE0 = 0;        // clear int0 flag
  82   2              IT0 = 1;        // int0 falling edge trigger int
  83   2              if (mode == INT_MOD_START)
  84   2              {
  85   3                  EX0 = 1;        // enable int0
  86   3              }
  87   2              else if (mode == INT_MOD_STOP)
  88   2              {
  89   3              }
  90   2          }
  91   1          else if (idx == INT_IDX_1)
  92   1          {
  93   2              EX1 = 0;        // disable int1
  94   2              IE1 = 0;        // clear int1 flag
  95   2              IT1 = 1;        // int1 falling edge trigger int
  96   2              if (mode == INT_MOD_START)
  97   2              {
  98   3                  EX1 = 1;        // enable int1
  99   3              }
 100   2              else if (mode == INT_MOD_STOP)
 101   2              {
 102   3              }
 103   2          }
 104   1          EA = ea_bak;
 105   1      }
 106          
 107          //---------------------------------------------------------------------------
 108          // SET T0 and T1
 109          //---------------------------------------------------------------------------
 110          void mcu_set_tmr (unsigned char idx, unsigned char mode)
 111          {
 112   1          // init reg
 113   1          bit ea_bak;
 114   1          ea_bak = EA;
 115   1          EA = 0;     // disable all interrupt
 116   1          // T0
C51 COMPILER V9.52.0.0   MCU                                                               01/06/2018 21:36:08 PAGE 3   

 117   1          if (idx == TMR_IDX_0)
 118   1          {
 119   2              TR0 = 0;    // stop T0
 120   2              ET0 = 0;    // disable T0 overflow interrupt
 121   2              TF0 = 0;    // clear T0 overflow interrupt flag
 122   2              // conf timer
 123   2              if (mode == TMR_MOD_CAP)
 124   2              {
 125   3                  TMOD = (TMOD & 0xF0) + 0x08;    // GATE=1, C/T=0, M1=0, M0=0
 126   3                  TL0 = 0;    // reset TL0
 127   3                  TH0 = 0;    // reset TH0
 128   3              }
 129   2              else if (mode == TMR_MOD_50MS)
 130   2              {
 131   3                  TMOD = (TMOD & 0xF0) + 0x00;    // GATE=0, C/T=0, M1=0, M0=0
 132   3                  TL0 = TL_INIT_50MS;     // load TL0
 133   3                  TH0 = TH_INIT_50MS;     // load TH0
 134   3              }
 135   2              else if (mode == TMR_MOD_10MS)
 136   2              {
 137   3                  TMOD = (TMOD & 0xF0) + 0x00;    // GATE=0, C/T=0, M1=0, M0=0
 138   3                  TL0 = TL_INIT_10MS;     // load TL0
 139   3                  TH0 = TH_INIT_10MS;     // load TH0
 140   3              }
 141   2              else if (mode == TMR_MOD_STOP)
 142   2              {
 143   3                  EA = ea_bak;    // enable all interrupt
 144   3                  return;
 145   3              }
 146   2              // set reg
 147   2              TF0 = 0;        // clear T0 overflow interrupt flag
 148   2              ET0 = 1;        // enable T0 overflow interrupt
 149   2              EA = ea_bak;    // enable all interrupt
 150   2              TR0 = 1;        // start T0
 151   2          }
 152   1          // T1
 153   1          else if (idx == TMR_IDX_1)
 154   1          {
 155   2              TR1 = 0;    // stop T1
 156   2              ET1 = 0;    // disable T1 overflow interrupt
 157   2              TF1 = 0;    // clear T1 overflow interrupt flag
 158   2              // conf timer
 159   2              if (mode == TMR_MOD_CAP)
 160   2              {
 161   3                  TMOD = (TMOD & 0x0F) + 0x80;    // GATE=1, C/T=0, M1=0, M0=0
 162   3                  TL1 = 0;                // reset TL1
 163   3                  TH1 = 0;                // reset TH1
 164   3              }
 165   2              else if (mode == TMR_MOD_50MS)
 166   2              {
 167   3                  TMOD = (TMOD & 0x0F) + 0x00;    // GATE=0, C/T=0, M1=0, M0=0
 168   3                  TL1 = TL_INIT_50MS;     // load TL1
 169   3                  TH1 = TH_INIT_50MS;     // load TH1
 170   3              }
 171   2              else if (mode == TMR_MOD_10MS)
 172   2              {
 173   3                  TMOD = (TMOD & 0x0F) + 0x00;    // GATE=0, C/T=0, M1=0, M0=0
 174   3                  TL1 = TL_INIT_10MS;     // load TL1
 175   3                  TH1 = TH_INIT_10MS;     // load TH1
 176   3              }
 177   2              else if (mode == TMR_MOD_STOP)
 178   2              {
C51 COMPILER V9.52.0.0   MCU                                                               01/06/2018 21:36:08 PAGE 4   

 179   3                  EA = ea_bak;    // enable all interrupt
 180   3                  return;
 181   3              }
 182   2              // set reg
 183   2              TF1 = 0;        // clear T1 overflow interrupt flag
 184   2              ET1 = 1;        // enable T1 overflow interrupt
 185   2              EA = ea_bak;    // enable all interrupt
 186   2              TR1 = 1;        // start T1
 187   2          }
 188   1      }
 189          


MODULE INFORMATION:   STATIC OVERLAYABLE
   CODE SIZE        =    267    ----
   CONSTANT SIZE    =   ----    ----
   XDATA SIZE       =   ----    ----
   PDATA SIZE       =   ----    ----
   DATA SIZE        =   ----    ----
   IDATA SIZE       =   ----    ----
   BIT SIZE         =   ----       2
END OF MODULE INFORMATION.


C51 COMPILATION COMPLETE.  0 WARNING(S),  0 ERROR(S)
